// Jest Snapshot v1, https://goo.gl/fbAQLP

exports[`Header Component expect to render Header component 1`] = `
ShallowWrapper {
  Symbol(enzyme.__root__): [Circular],
  Symbol(enzyme.__unrendered__): <Header />,
  Symbol(enzyme.__renderer__): Object {
    "batchedUpdates": [Function],
    "getNode": [Function],
    "render": [Function],
    "simulateError": [Function],
    "simulateEvent": [Function],
    "unmount": [Function],
  },
  Symbol(enzyme.__node__): Object {
    "instance": null,
    "key": undefined,
    "nodeType": "host",
    "props": Object {
      "children": Array [
        <img
          alt="Projet Home"
          src="rocket.svg"
          style={
                    Object {
                              "display": "inline-block",
                              "filter": "opacity(.5) drop-shadow(0 0 0 #ffffff)",
                              "height": "4rem",
                            }
          }
/>,
        <h1
          style={
                    Object {
                              "fontSize": "2rem",
                              "letterSpacing": ".5rem",
                              "marginLeft": "2rem",
                              "marginTop": "1rem",
                              "textTransform": "uppercase",
                            }
          }
>
          Projet
</h1>,
      ],
      "style": Object {
        "display": "flex",
        "flexDirection": "row",
        "padding": "1rem",
      },
    },
    "ref": null,
    "rendered": Array [
      Object {
        "instance": null,
        "key": undefined,
        "nodeType": "host",
        "props": Object {
          "alt": "Projet Home",
          "src": "rocket.svg",
          "style": Object {
            "display": "inline-block",
            "filter": "opacity(.5) drop-shadow(0 0 0 #ffffff)",
            "height": "4rem",
          },
        },
        "ref": null,
        "rendered": null,
        "type": "img",
      },
      Object {
        "instance": null,
        "key": undefined,
        "nodeType": "host",
        "props": Object {
          "children": "Projet",
          "style": Object {
            "fontSize": "2rem",
            "letterSpacing": ".5rem",
            "marginLeft": "2rem",
            "marginTop": "1rem",
            "textTransform": "uppercase",
          },
        },
        "ref": null,
        "rendered": "Projet",
        "type": "h1",
      },
    ],
    "type": "div",
  },
  Symbol(enzyme.__nodes__): Array [
    Object {
      "instance": null,
      "key": undefined,
      "nodeType": "host",
      "props": Object {
        "children": Array [
          <img
            alt="Projet Home"
            src="rocket.svg"
            style={
                        Object {
                                    "display": "inline-block",
                                    "filter": "opacity(.5) drop-shadow(0 0 0 #ffffff)",
                                    "height": "4rem",
                                  }
            }
/>,
          <h1
            style={
                        Object {
                                    "fontSize": "2rem",
                                    "letterSpacing": ".5rem",
                                    "marginLeft": "2rem",
                                    "marginTop": "1rem",
                                    "textTransform": "uppercase",
                                  }
            }
>
            Projet
</h1>,
        ],
        "style": Object {
          "display": "flex",
          "flexDirection": "row",
          "padding": "1rem",
        },
      },
      "ref": null,
      "rendered": Array [
        Object {
          "instance": null,
          "key": undefined,
          "nodeType": "host",
          "props": Object {
            "alt": "Projet Home",
            "src": "rocket.svg",
            "style": Object {
              "display": "inline-block",
              "filter": "opacity(.5) drop-shadow(0 0 0 #ffffff)",
              "height": "4rem",
            },
          },
          "ref": null,
          "rendered": null,
          "type": "img",
        },
        Object {
          "instance": null,
          "key": undefined,
          "nodeType": "host",
          "props": Object {
            "children": "Projet",
            "style": Object {
              "fontSize": "2rem",
              "letterSpacing": ".5rem",
              "marginLeft": "2rem",
              "marginTop": "1rem",
              "textTransform": "uppercase",
            },
          },
          "ref": null,
          "rendered": "Projet",
          "type": "h1",
        },
      ],
      "type": "div",
    },
  ],
  Symbol(enzyme.__options__): Object {
    "adapter": ReactSixteenAdapter {
      "options": Object {
        "enableComponentDidUpdateOnSetState": true,
        "lifecycles": Object {
          "componentDidUpdate": Object {
            "onSetState": true,
          },
          "getDerivedStateFromProps": true,
          "getSnapshotBeforeUpdate": true,
          "setState": Object {
            "skipsComponentDidUpdateOnNullish": true,
          },
        },
      },
    },
    "attachTo": undefined,
    "hydrateIn": undefined,
  },
}
`;
